  class-6/math-ch02-lines-and-angles: refitting 18 bridge page(s)
    ! page 1 overruns by 90.8mm — content is being clipped
    ! page 17 overruns by 420.4mm — content is being clipped
    ~ page 2 is 36% full — 148mm of white at the foot
    ~ page 3 is 36% full — 148mm of white at the foot
    ~ page 4 is 34% full — 152mm of white at the foot
    ~ page 5 is 36% full — 148mm of white at the foot
    ~ page 6 is 34% full — 152mm of white at the foot
    ~ page 7 is 34% full — 152mm of white at the foot
    ~ page 8 is 36% full — 148mm of white at the foot
    ~ page 9 is 34% full — 152mm of white at the foot
    ~ page 10 is 36% full — 148mm of white at the foot
    ~ page 11 is 36% full — 148mm of white at the foot
    ~ page 12 is 22% full — 180mm of white at the foot
    ~ page 13 is 24% full — 176mm of white at the foot
    ~ page 14 is 24% full — 176mm of white at the foot
    ~ page 15 is 54% full — 106mm of white at the foot
    ~ page 16 is 56% full — 102mm of white at the foot
    ! page 1 overruns by 90.8mm — content is being clipped
    ! page 17 overruns by 420.4mm — content is being clipped
    ~ page 2 is 36% full — 148mm of white at the foot
    ~ page 3 is 36% full — 148mm of white at the foot
    ~ page 4 is 34% full — 152mm of white at the foot
    ~ page 5 is 36% full — 148mm of white at the foot
    ~ page 6 is 34% full — 152mm of white at the foot
    ~ page 7 is 34% full — 152mm of white at the foot
    ~ page 8 is 36% full — 148mm of white at the foot
    ~ page 9 is 34% full — 152mm of white at the foot
    ~ page 10 is 36% full — 148mm of white at the foot
    ~ page 11 is 36% full — 148mm of white at the foot
    ~ page 12 is 22% full — 180mm of white at the foot
    ~ page 13 is 24% full — 176mm of white at the foot
    ~ page 14 is 24% full — 176mm of white at the foot
    ~ page 15 is 54% full — 106mm of white at the foot
    ~ page 16 is 56% full — 102mm of white at the foot
  18 pages in, 13 out
    ~ page 2 is 79% full — 49mm of white at the foot
    ~ page 3 is 71% full — 67mm of white at the foot
    ~ page 4 is 71% full — 67mm of white at the foot
    ~ page 5 is 71% full — 67mm of white at the foot
    ~ page 6 is 71% full — 67mm of white at the foot
    ~ page 7 is 85% full — 35mm of white at the foot
    ~ page 8 is 80% full — 46mm of white at the foot
    ~ page 9 is 56% full — 102mm of white at the foot
Building 1 chapter(s):
  class-6\_refit-math-ch02-lines-and-angles: 13 fragment(s) → 13 page(s)
    all pages fit
    fill  1:96%  2:79%  3:71%  4:71%  5:71%  6:71%  7:85%  8:80%  9:56%  10:97%  11:90%  12:95%  13:66%
Done.
    ~ page 7 is 86% full — 32mm of white at the foot
    ~ page 24 is 74% full — 60mm of white at the foot
    ~ page 26 is 43% full — 132mm of white at the foot
    ~ page 33 is 79% full — 49mm of white at the foot
    ~ page 34 is 71% full — 67mm of white at the foot
    ~ page 35 is 71% full — 67mm of white at the foot
    ~ page 36 is 71% full — 67mm of white at the foot
    ~ page 37 is 71% full — 67mm of white at the foot
    ~ page 38 is 85% full — 35mm of white at the foot
    ~ page 39 is 80% full — 46mm of white at the foot
    ~ page 40 is 56% full — 102mm of white at the foot
  wrote p101–p113
