  class-6/math-ch03-number-play: refitting 18 bridge page(s)
    ! page 1 overruns by 210.9mm — content is being clipped
    ! page 17 overruns by 453.0mm — content is being clipped
    ~ page 2 is 36% full — 148mm of white at the foot
    ~ page 3 is 36% full — 148mm of white at the foot
    ~ page 4 is 36% full — 148mm of white at the foot
    ~ page 5 is 36% full — 148mm of white at the foot
    ~ page 6 is 38% full — 143mm of white at the foot
    ~ page 7 is 36% full — 148mm of white at the foot
    ~ page 8 is 36% full — 148mm of white at the foot
    ~ page 9 is 34% full — 152mm of white at the foot
    ~ page 10 is 34% full — 152mm of white at the foot
    ~ page 11 is 36% full — 148mm of white at the foot
    ~ page 12 is 24% full — 176mm of white at the foot
    ~ page 13 is 24% full — 176mm of white at the foot
    ~ page 14 is 26% full — 171mm of white at the foot
    ~ page 15 is 56% full — 102mm of white at the foot
    ~ page 16 is 56% full — 102mm of white at the foot
    ! page 1 overruns by 210.9mm — content is being clipped
    ! page 17 overruns by 453.0mm — content is being clipped
    ~ page 2 is 36% full — 148mm of white at the foot
    ~ page 3 is 36% full — 148mm of white at the foot
    ~ page 4 is 36% full — 148mm of white at the foot
    ~ page 5 is 36% full — 148mm of white at the foot
    ~ page 6 is 38% full — 143mm of white at the foot
    ~ page 7 is 36% full — 148mm of white at the foot
    ~ page 8 is 36% full — 148mm of white at the foot
    ~ page 9 is 34% full — 152mm of white at the foot
    ~ page 10 is 34% full — 152mm of white at the foot
    ~ page 11 is 36% full — 148mm of white at the foot
    ~ page 12 is 24% full — 176mm of white at the foot
    ~ page 13 is 24% full — 176mm of white at the foot
    ~ page 14 is 26% full — 171mm of white at the foot
    ~ page 15 is 56% full — 102mm of white at the foot
    ~ page 16 is 56% full — 102mm of white at the foot
  18 pages in, 14 out
    ~ page 3 is 80% full — 46mm of white at the foot
    ~ page 4 is 73% full — 62mm of white at the foot
    ~ page 5 is 75% full — 58mm of white at the foot
    ~ page 6 is 71% full — 67mm of white at the foot
    ~ page 8 is 51% full — 113mm of white at the foot
    ~ page 9 is 56% full — 102mm of white at the foot
    ~ page 10 is 56% full — 102mm of white at the foot
Building 1 chapter(s):
  class-6\_refit-math-ch03-number-play: 14 fragment(s) → 14 page(s)
    all pages fit
    fill  1:93%  2:91%  3:80%  4:73%  5:75%  6:71%  7:97%  8:51%  9:56%  10:56%  11:95%  12:100%  13:99%  14:67%
Done.
    ~ page 14 is 87% full — 30mm of white at the foot
    ~ page 20 is 80% full — 46mm of white at the foot
    ~ page 21 is 73% full — 62mm of white at the foot
    ~ page 22 is 75% full — 58mm of white at the foot
    ~ page 23 is 71% full — 67mm of white at the foot
    ~ page 25 is 51% full — 113mm of white at the foot
    ~ page 26 is 56% full — 102mm of white at the foot
    ~ page 27 is 56% full — 102mm of white at the foot
  wrote p101–p114
