  class-6/math-ch07-fractions: refitting 18 bridge page(s)
    ! page 1 overruns by 50.8mm — content is being clipped
    ! page 17 overruns by 443.7mm — content is being clipped
    ~ page 18 runs 1.3mm into the bottom margin
    ~ page 2 is 27% full — 169mm of white at the foot
    ~ page 3 is 26% full — 171mm of white at the foot
    ~ page 4 is 28% full — 166mm of white at the foot
    ~ page 5 is 26% full — 171mm of white at the foot
    ~ page 6 is 30% full — 162mm of white at the foot
    ~ page 7 is 31% full — 159mm of white at the foot
    ~ page 8 is 26% full — 171mm of white at the foot
    ~ page 9 is 28% full — 166mm of white at the foot
    ~ page 10 is 36% full — 148mm of white at the foot
    ~ page 11 is 36% full — 148mm of white at the foot
    ~ page 12 is 22% full — 180mm of white at the foot
    ~ page 13 is 22% full — 180mm of white at the foot
    ~ page 14 is 22% full — 180mm of white at the foot
    ~ page 15 is 47% full — 122mm of white at the foot
    ~ page 16 is 52% full — 111mm of white at the foot
    ! page 1 overruns by 50.8mm — content is being clipped
    ! page 17 overruns by 443.7mm — content is being clipped
    ~ page 18 runs 1.3mm into the bottom margin
    ~ page 2 is 27% full — 169mm of white at the foot
    ~ page 3 is 26% full — 171mm of white at the foot
    ~ page 4 is 28% full — 166mm of white at the foot
    ~ page 5 is 26% full — 171mm of white at the foot
    ~ page 6 is 30% full — 162mm of white at the foot
    ~ page 7 is 31% full — 159mm of white at the foot
    ~ page 8 is 26% full — 171mm of white at the foot
    ~ page 9 is 28% full — 166mm of white at the foot
    ~ page 10 is 36% full — 148mm of white at the foot
    ~ page 11 is 36% full — 148mm of white at the foot
    ~ page 12 is 22% full — 180mm of white at the foot
    ~ page 13 is 22% full — 180mm of white at the foot
    ~ page 14 is 22% full — 180mm of white at the foot
    ~ page 15 is 47% full — 122mm of white at the foot
    ~ page 16 is 52% full — 111mm of white at the foot
  18 pages in, 11 out
    ~ page 9 runs 1.3mm into the bottom margin
    ~ page 11 runs 1.3mm into the bottom margin
    ~ page 2 is 86% full — 32mm of white at the foot
    ~ page 7 is 52% full — 111mm of white at the foot
Building 1 chapter(s):
  class-6\_refit-math-ch07-fractions: 11 fragment(s) → 11 page(s)
    fill  1:92%  2:86%  3:88%  4:89%  5:98%  6:95%  7:52%  8:98%  9:94%  10:99%  11:59%
Done.
    ~ page 9 runs 1.1mm into the bottom margin
    ~ page 14 runs 1.3mm into the bottom margin
    ~ page 17 runs 1.3mm into the bottom margin
    ~ page 19 runs 1.1mm into the bottom margin
    ~ page 29 runs 1.3mm into the bottom margin
    ~ page 31 runs 1.3mm into the bottom margin
    ~ page 13 is 79% full — 49mm of white at the foot
    ~ page 22 is 86% full — 32mm of white at the foot
    ~ page 27 is 52% full — 111mm of white at the foot
  wrote p101–p111
