  class-6/math-ch04-data-handling: refitting 12 bridge page(s)
    ~ page 4 is 87% full — 30mm of white at the foot
    ~ page 5 is 64% full — 83mm of white at the foot
    ~ page 8 is 48% full — 120mm of white at the foot
    ~ page 4 is 87% full — 30mm of white at the foot
    ~ page 5 is 64% full — 83mm of white at the foot
    ~ page 8 is 48% full — 120mm of white at the foot
  12 pages in, 12 out
    ~ page 4 is 87% full — 30mm of white at the foot
    ~ page 5 is 64% full — 83mm of white at the foot
    ~ page 8 is 48% full — 120mm of white at the foot
Building 1 chapter(s):
  class-6\_refit-math-ch04-data-handling: 12 fragment(s) → 12 page(s)
    all pages fit
    fill  1:92%  2:88%  3:97%  4:87%  5:64%  6:93%  7:97%  8:48%  9:100%  10:98%  11:100%  12:68%
Done.
    ~ page 19 is 72% full — 65mm of white at the foot
    ~ page 27 is 87% full — 30mm of white at the foot
    ~ page 28 is 64% full — 83mm of white at the foot
    ~ page 31 is 48% full — 120mm of white at the foot
  wrote p101–p112
