  class-6/math-ch01-patterns: refitting 18 bridge page(s)
    ! page 1 overruns by 109.5mm — content is being clipped
    ! page 17 overruns by 431.8mm — content is being clipped
    ~ page 2 is 36% full — 148mm of white at the foot
    ~ page 3 is 36% full — 148mm of white at the foot
    ~ page 4 is 36% full — 148mm of white at the foot
    ~ page 5 is 36% full — 148mm of white at the foot
    ~ page 6 is 36% full — 148mm of white at the foot
    ~ page 7 is 36% full — 148mm of white at the foot
    ~ page 8 is 34% full — 152mm of white at the foot
    ~ page 9 is 36% full — 148mm of white at the foot
    ~ page 10 is 36% full — 148mm of white at the foot
    ~ page 11 is 40% full — 139mm of white at the foot
    ~ page 12 is 22% full — 180mm of white at the foot
    ~ page 13 is 22% full — 180mm of white at the foot
    ~ page 14 is 26% full — 171mm of white at the foot
    ~ page 15 is 52% full — 111mm of white at the foot
    ~ page 16 is 57% full — 99mm of white at the foot
    ! page 1 overruns by 109.5mm — content is being clipped
    ! page 17 overruns by 431.8mm — content is being clipped
    ~ page 2 is 36% full — 148mm of white at the foot
    ~ page 3 is 36% full — 148mm of white at the foot
    ~ page 4 is 36% full — 148mm of white at the foot
    ~ page 5 is 36% full — 148mm of white at the foot
    ~ page 6 is 36% full — 148mm of white at the foot
    ~ page 7 is 36% full — 148mm of white at the foot
    ~ page 8 is 34% full — 152mm of white at the foot
    ~ page 9 is 36% full — 148mm of white at the foot
    ~ page 10 is 36% full — 148mm of white at the foot
    ~ page 11 is 40% full — 139mm of white at the foot
    ~ page 12 is 22% full — 180mm of white at the foot
    ~ page 13 is 22% full — 180mm of white at the foot
    ~ page 14 is 26% full — 171mm of white at the foot
    ~ page 15 is 52% full — 111mm of white at the foot
    ~ page 16 is 57% full — 99mm of white at the foot
  18 pages in, 13 out
    ~ page 3 is 73% full — 62mm of white at the foot
    ~ page 4 is 73% full — 62mm of white at the foot
    ~ page 5 is 71% full — 67mm of white at the foot
    ~ page 6 is 73% full — 62mm of white at the foot
    ~ page 7 is 87% full — 30mm of white at the foot
    ~ page 8 is 79% full — 49mm of white at the foot
    ~ page 9 is 57% full — 99mm of white at the foot
Building 1 chapter(s):
  class-6\_refit-math-ch01-patterns: 13 fragment(s) → 13 page(s)
    all pages fit
    fill  1:96%  2:88%  3:73%  4:73%  5:71%  6:73%  7:87%  8:79%  9:57%  10:99%  11:92%  12:95%  13:57%
Done.
    ~ page 12 is 73% full — 62mm of white at the foot
    ~ page 13 is 73% full — 62mm of white at the foot
    ~ page 14 is 71% full — 67mm of white at the foot
    ~ page 15 is 73% full — 62mm of white at the foot
    ~ page 16 is 87% full — 30mm of white at the foot
    ~ page 17 is 79% full — 49mm of white at the foot
    ~ page 18 is 57% full — 99mm of white at the foot
  wrote p101–p113
