  class-6/math-ch04-data-handling: refitting 18 bridge page(s)
    ! page 1 overruns by 202.1mm — content is being clipped
    ! page 17 overruns by 461.2mm — content is being clipped
    ~ page 2 is 38% full — 143mm of white at the foot
    ~ page 3 is 36% full — 148mm of white at the foot
    ~ page 4 is 38% full — 143mm of white at the foot
    ~ page 5 is 36% full — 148mm of white at the foot
    ~ page 6 is 36% full — 148mm of white at the foot
    ~ page 7 is 36% full — 148mm of white at the foot
    ~ page 8 is 36% full — 148mm of white at the foot
    ~ page 9 is 36% full — 148mm of white at the foot
    ~ page 10 is 38% full — 143mm of white at the foot
    ~ page 11 is 36% full — 148mm of white at the foot
    ~ page 12 is 22% full — 180mm of white at the foot
    ~ page 13 is 22% full — 180mm of white at the foot
    ~ page 14 is 24% full — 176mm of white at the foot
    ~ page 15 is 54% full — 106mm of white at the foot
    ~ page 16 is 54% full — 106mm of white at the foot
    ! page 1 overruns by 202.1mm — content is being clipped
    ! page 17 overruns by 461.2mm — content is being clipped
    ~ page 2 is 38% full — 143mm of white at the foot
    ~ page 3 is 36% full — 148mm of white at the foot
    ~ page 4 is 38% full — 143mm of white at the foot
    ~ page 5 is 36% full — 148mm of white at the foot
    ~ page 6 is 36% full — 148mm of white at the foot
    ~ page 7 is 36% full — 148mm of white at the foot
    ~ page 8 is 36% full — 148mm of white at the foot
    ~ page 9 is 36% full — 148mm of white at the foot
    ~ page 10 is 38% full — 143mm of white at the foot
    ~ page 11 is 36% full — 148mm of white at the foot
    ~ page 12 is 22% full — 180mm of white at the foot
    ~ page 13 is 22% full — 180mm of white at the foot
    ~ page 14 is 24% full — 176mm of white at the foot
    ~ page 15 is 54% full — 106mm of white at the foot
    ~ page 16 is 54% full — 106mm of white at the foot
  18 pages in, 14 out
    ~ page 3 is 82% full — 42mm of white at the foot
    ~ page 4 is 75% full — 58mm of white at the foot
    ~ page 5 is 73% full — 62mm of white at the foot
    ~ page 6 is 73% full — 62mm of white at the foot
    ~ page 8 is 47% full — 122mm of white at the foot
    ~ page 9 is 54% full — 106mm of white at the foot
    ~ page 10 is 54% full — 106mm of white at the foot
Building 1 chapter(s):
  class-6\_refit-math-ch04-data-handling: 14 fragment(s) → 14 page(s)
    all pages fit
    fill  1:92%  2:88%  3:82%  4:75%  5:73%  6:73%  7:99%  8:47%  9:54%  10:54%  11:99%  12:98%  13:100%  14:68%
Done.
    ~ page 19 is 72% full — 65mm of white at the foot
    ~ page 26 is 82% full — 42mm of white at the foot
    ~ page 27 is 75% full — 58mm of white at the foot
    ~ page 28 is 73% full — 62mm of white at the foot
    ~ page 29 is 73% full — 62mm of white at the foot
    ~ page 31 is 47% full — 122mm of white at the foot
    ~ page 32 is 54% full — 106mm of white at the foot
    ~ page 33 is 54% full — 106mm of white at the foot
  wrote p101–p114
